╭─ Modal Deprecation Warning (2025-12-16) ─────────────────────────────────────╮
│ The `max_inputs` parameter is deprecated. Please set                         │
│ `single_use_containers=True` instead.                                        │
│                                                                              │
│ Source:                                                                      │
│ /Users/harsh/semantic-drift-autoformalization/ft-experiments/eval/modal_eval │
│ .py:176                                                                      │
│   @app.function(**_fn_common, **GUARDRAILS)                                  │
╰──────────────────────────────────────────────────────────────────────────────╯
╭─ Modal Deprecation Warning (2025-12-16) ─────────────────────────────────────╮
│ The `max_inputs` parameter is deprecated. Please set                         │
│ `single_use_containers=True` instead.                                        │
│                                                                              │
│ Source:                                                                      │
│ /Users/harsh/semantic-drift-autoformalization/ft-experiments/eval/modal_eval │
│ .py:191                                                                      │
│   @app.function(**_fn_a100, **FT_GUARDRAILS)                                 │
╰──────────────────────────────────────────────────────────────────────────────╯
╭─ Modal Deprecation Warning (2025-12-16) ─────────────────────────────────────╮
│ The `max_inputs` parameter is deprecated. Please set                         │
│ `single_use_containers=True` instead.                                        │
│                                                                              │
│ Source:                                                                      │
│ /Users/harsh/semantic-drift-autoformalization/ft-experiments/eval/modal_eval │
│ .py:200                                                                      │
│   @app.function(**_fn_a100, **FT_TWO_STAGE_GUARDRAILS)                       │
╰──────────────────────────────────────────────────────────────────────────────╯
╭─ Modal Deprecation Warning (2025-12-16) ─────────────────────────────────────╮
│ The `max_inputs` parameter is deprecated. Please set                         │
│ `single_use_containers=True` instead.                                        │
│                                                                              │
│ Source:                                                                      │
│ /Users/harsh/semantic-drift-autoformalization/ft-experiments/eval/modal_eval │
│ .py:220                                                                      │
│   @app.function(**_fn_a100, **GUARDRAILS)                                    │
╰──────────────────────────────────────────────────────────────────────────────╯
╭─ Modal Deprecation Warning (2025-12-16) ─────────────────────────────────────╮
│ The `max_inputs` parameter is deprecated. Please set                         │
│ `single_use_containers=True` instead.                                        │
│                                                                              │
│ Source:                                                                      │
│ /Users/harsh/semantic-drift-autoformalization/ft-experiments/eval/modal_eval │
│ .py:231                                                                      │
│   @app.function(**_fn_common, **FT_GUARDRAILS)                               │
╰──────────────────────────────────────────────────────────────────────────────╯
╭─ Modal Deprecation Warning (2025-12-16) ─────────────────────────────────────╮
│ The `max_inputs` parameter is deprecated. Please set                         │
│ `single_use_containers=True` instead.                                        │
│                                                                              │
│ Source:                                                                      │
│ /Users/harsh/semantic-drift-autoformalization/ft-experiments/eval/modal_eval │
│ .py:240                                                                      │
│   @app.function(**_fn_common, **TWO_STAGE_GUARDRAILS)                        │
╰──────────────────────────────────────────────────────────────────────────────╯
╭─ Modal Deprecation Warning (2025-12-16) ─────────────────────────────────────╮
│ The `max_inputs` parameter is deprecated. Please set                         │
│ `single_use_containers=True` instead.                                        │
│                                                                              │
│ Source:                                                                      │
│ /Users/harsh/semantic-drift-autoformalization/ft-experiments/eval/modal_eval │
│ .py:260                                                                      │
│   @app.function(**_fn_common, **FT_TWO_STAGE_GUARDRAILS)                     │
╰──────────────────────────────────────────────────────────────────────────────╯
╭─ Modal Deprecation Warning (2025-12-16) ─────────────────────────────────────╮
│ The `max_inputs` parameter is deprecated. Please set                         │
│ `single_use_containers=True` instead.                                        │
│                                                                              │
│ Source:                                                                      │
│ /Users/harsh/semantic-drift-autoformalization/ft-experiments/eval/modal_eval │
│ .py:280                                                                      │
│   @app.function(**_fn_a100, **TWO_STAGE_GUARDRAILS)                          │
╰──────────────────────────────────────────────────────────────────────────────╯
✓ Initialized. View run at 
https://modal.com/apps/order-evaluation/main/ap-B5yFugGe9Sq0FWrSKqF7IB
✓ Created objects.
├── 🔨 Created mount 
│   /Users/harsh/semantic-drift-autoformalization/ft-experiments/eval/modal_eval
│   .py
├── 🔨 Created function generate_a10g.
├── 🔨 Created function generate_a100_ft.
├── 🔨 Created function generate_a100_two_stage_ft.
├── 🔨 Created function generate_a100.
├── 🔨 Created function generate_a10g_ft.
├── 🔨 Created function generate_a10g_two_stage.
├── 🔨 Created function generate_a10g_two_stage_ft.
└── 🔨 Created function generate_a100_two_stage.
= resolved: model=mistralai/Ministral-3-14B-Instruct-2512-BF16 arm=story-bfar adapter=/models/checkpoints/v2-ministral-14b-s0/step-100 out=curve-v2-v2-ministral-14b-s0-step-100 limit=200
= resuming: 200/200 rows already on disk

mistralai/Ministral-3-14B-Instruct-2512-BF16 · story-bfar · n=200 · wall 0s (load 0s, gen 0s)
  hard         n= 20  correct  70.0%  exact  14  swapped   0  dual  0  wrong   6  unparseable   0 (0.0%)  len-cap 0
  normal       n=180  correct  60.0%  exact 108  swapped   0  dual  0  wrong  24  unparseable  48 (26.7%)  len-cap 0
Stopping app - local entrypoint completed.
✓ App completed. View run at 
https://modal.com/apps/order-evaluation/main/ap-B5yFugGe9Sq0FWrSKqF7IB
EXIT:0
