✓ Initialized. View run at 
https://modal.com/apps/order-evaluation/main/ap-OPu3WO8b1KnRajCk0NHHfh
✓ Created objects.
├── 🔨 Created mount 
│   /Users/harsh/semantic-drift-autoformalization/probe-experiments/probing/remo
│   te_probe.py
└── 🔨 Created function probe.
= subset: 533 problems kept via contrast_v1/ft_unseen_problem_ids.json
/usr/local/lib/python3.12/site-packages/sklearn/linear_model/_logistic.py:599: ConvergenceWarning: lbfgs failed to converge after 1000 iteration(s) (status=1):
STOP: TOTAL NO. OF ITERATIONS REACHED LIMIT

Increase the number of iterations to improve the convergence (max_iter=1000).
You might also want to scale the data as shown in:
    https://scikit-learn.org/stable/modules/preprocessing.html
Please also refer to the documentation for alternative solver options:
    https://scikit-learn.org/stable/modules/linear_model.html#logistic-regression
  n_iter_i = _check_optimize_result(
/usr/local/lib/python3.12/site-packages/sklearn/linear_model/_logistic.py:599: ConvergenceWarning: lbfgs failed to converge after 1000 iteration(s) (status=1):
STOP: TOTAL NO. OF ITERATIONS REACHED LIMIT

Increase the number of iterations to improve the convergence (max_iter=1000).
You might also want to scale the data as shown in:
    https://scikit-learn.org/stable/modules/preprocessing.html
Please also refer to the documentation for alternative solver options:
    https://scikit-learn.org/stable/modules/linear_model.html#logistic-regression
  n_iter_i = _check_optimize_result(
/usr/local/lib/python3.12/site-packages/sklearn/linear_model/_logistic.py:599: ConvergenceWarning: lbfgs failed to converge after 1000 iteration(s) (status=1):
STOP: TOTAL NO. OF ITERATIONS REACHED LIMIT

Increase the number of iterations to improve the convergence (max_iter=1000).
You might also want to scale the data as shown in:
    https://scikit-learn.org/stable/modules/preprocessing.html
Please also refer to the documentation for alternative solver options:
    https://scikit-learn.org/stable/modules/linear_model.html#logistic-regression
  n_iter_i = _check_optimize_result(
/usr/local/lib/python3.12/site-packages/sklearn/linear_model/_logistic.py:599: ConvergenceWarning: lbfgs failed to converge after 1000 iteration(s) (status=1):
STOP: TOTAL NO. OF ITERATIONS REACHED LIMIT

Increase the number of iterations to improve the convergence (max_iter=1000).
You might also want to scale the data as shown in:
    https://scikit-learn.org/stable/modules/preprocessing.html
Please also refer to the documentation for alternative solver options:
    https://scikit-learn.org/stable/modules/linear_model.html#logistic-regression
  n_iter_i = _check_optimize_result(
[last] best 0.916 @L64 | lawcc 0.8724 | shuffled [0.5192, 0.5123, 0.5239]
[last] best 0.916 @L64 | lawcc 0.8724 | shuffled [0.5192, 0.5123, 0.5239]
[mean] best 0.9623 @L62 | lawcc 0.9041 | shuffled [0.5038, 0.5157, 0.5222]
-> /Users/harsh/semantic-drift-autoformalization/probe-experiments/runs/probe-32b-ftv2-unseen/probe_results.json
[mean] best 0.9623 @L62 | lawcc 0.9041 | shuffled [0.5038, 0.5157, 0.5222]
Stopping app - local entrypoint completed.
✓ App completed. View run at 
https://modal.com/apps/order-evaluation/main/ap-OPu3WO8b1KnRajCk0NHHfh
CHAIN_EXIT:0
